#
# There is insufficient memory for the Java Runtime Environment to continue.
# Native memory allocation (malloc) failed to allocate 1048576 bytes. Error detail: AllocateHeap
# Possible reasons:
#   The system is out of physical RAM or swap space
#   This process is running with CompressedOops enabled, and the Java Heap may be blocking the growth of the native heap
# Possible solutions:
#   Reduce memory load on the system
#   Increase physical memory or swap space
#   Check if swap backing store is full
#   Decrease Java heap size (-Xmx/-Xms)
#   Decrease number of Java threads
#   Decrease Java thread stack sizes (-Xss)
#   Set larger code cache with -XX:ReservedCodeCacheSize=
#   JVM is running with Unscaled Compressed Oops mode in which the Java heap is
#     placed in the first 4GB address space. The Java Heap base address is the
#     maximum limit for the native heap growth. Please use -XX:HeapBaseMinAddress
#     to set the Java Heap base and to place the Java Heap above 4GB virtual address.
# This output file may be truncated or incomplete.
#
#  Out of Memory Error (allocation.cpp:44), pid=12860, tid=4916
#
# JRE version: OpenJDK Runtime Environment Temurin-21.0.10+7 (21.0.10+7) (build 21.0.10+7-LTS)
# Java VM: OpenJDK 64-Bit Server VM Temurin-21.0.10+7 (21.0.10+7-LTS, mixed mode, sharing, tiered, compressed oops, compressed class ptrs, parallel gc, windows-amd64)
# No core dump will be written. Minidumps are not enabled by default on client versions of Windows
#

---------------  S U M M A R Y ------------

Command Line: --add-modules=ALL-SYSTEM --add-opens=java.base/java.util=ALL-UNNAMED --add-opens=java.base/java.lang=ALL-UNNAMED --add-opens=java.base/sun.nio.fs=ALL-UNNAMED -Declipse.application=org.eclipse.jdt.ls.core.id1 -Dosgi.bundles.defaultStartLevel=4 -Declipse.product=org.eclipse.jdt.ls.core.product -Djava.import.generatesMetadataFilesAtProjectRoot=false -DDetectVMInstallationsJob.disabled=true -Dfile.encoding=utf8 -XX:+UseParallelGC -XX:GCTimeRatio=4 -XX:AdaptiveSizePolicyWeight=90 -Dsun.zip.disableMemoryMapping=true -Xmx2G -Xms100m -Xlog:disable -javaagent:c:\Users\Anne\.vscode\extensions\redhat.java-1.54.0-win32-x64\lombok\lombok-1.18.39-4050.jar -XX:+HeapDumpOnOutOfMemoryError -XX:HeapDumpPath=c:\Users\Anne\AppData\Roaming\Code\User\workspaceStorage\da84ca0b747606f27f9c3320f7cf46a2\redhat.java -Daether.dependencyCollector.impl=bf c:\Users\Anne\.vscode\extensions\redhat.java-1.54.0-win32-x64\server\plugins\org.eclipse.equinox.launcher_1.7.100.v20251111-0406.jar -configuration c:\Users\Anne\AppData\Roaming\Code\User\globalStorage\redhat.java\1.54.0\config_win -data c:\Users\Anne\AppData\Roaming\Code\User\workspaceStorage\da84ca0b747606f27f9c3320f7cf46a2\redhat.java\jdt_ws --pipe=\\.\pipe\lsp-7d058f7d874eebebfe164ec1bf6ac724-sock

Host: AMD Ryzen 7 2700X Eight-Core Processor         , 16 cores, 15G,  Windows 10 , 64 bit Build 19041 (10.0.19041.5915)
Time: Thu May 28 15:46:55 2026 Hora oficial do Brasil elapsed time: 1132.050733 seconds (0d 0h 18m 52s)

---------------  T H R E A D  ---------------

Current thread (0x00000250cb6f8d50):  JavaThread "Attach Listener" daemon [_thread_in_vm, id=4916, stack(0x000000cdb8700000,0x000000cdb8800000) (1024K)]

Stack: [0x000000cdb8700000,0x000000cdb8800000]
Native frames: (J=compiled Java code, j=interpreted, Vv=VM code, C=native code)
V  [jvm.dll+0x6d7a39]
V  [jvm.dll+0x8b4b26]
V  [jvm.dll+0x8b70de]
V  [jvm.dll+0x8b77c3]
V  [jvm.dll+0x284346]
V  [jvm.dll+0xc1277]
V  [jvm.dll+0x6d82e9]
V  [jvm.dll+0x1334a6]
V  [jvm.dll+0x3f857e]
V  [jvm.dll+0x85f59d]
V  [jvm.dll+0x6d626d]
C  [ucrtbase.dll+0x21bb2]
C  [KERNEL32.DLL+0x17374]
C  [ntdll.dll+0x4cc91]


---------------  P R O C E S S  ---------------

Threads class SMR info:
_java_thread_list=0x0000025117eab5e0, length=60, elements={
0x00000250b2895c60, 0x00000250cb6f2790, 0x00000250cb6f3de0, 0x00000250cb6f7e70,
0x00000250cb6f8d50, 0x00000250cb6fd010, 0x00000250cb6fda70, 0x000002510dd29390,
0x000002510dd2bf90, 0x000002510dfa3210, 0x000002510f3fc7b0, 0x00000251143cf3e0,
0x00000251143d0100, 0x00000251143d14b0, 0x00000251143d0790, 0x00000251143d1b40,
0x00000251143d2860, 0x00000251143d0e20, 0x00000251143d21d0, 0x0000025114471890,
0x0000025114473ff0, 0x000002511446f7c0, 0x0000025114471f20, 0x000002511446d6f0,
0x000002511446f130, 0x00000251144725b0, 0x000002511446dd80, 0x0000025114472c40,
0x000002511446fe50, 0x00000251144704e0, 0x00000251144732d0, 0x000002511446d060,
0x0000025114474680, 0x0000025114473960, 0x0000025114db8af0, 0x0000025114db5670,
0x0000025114db5d00, 0x0000025114db9180, 0x0000025114dbb250, 0x0000025114db7dd0,
0x0000025114db8460, 0x0000025114dba530, 0x0000025114dbabc0, 0x0000025114db6a20,
0x0000025116d9e320, 0x000002511a093480, 0x0000025116d9d600, 0x000002511446eaa0,
0x0000025116da0a80, 0x0000025116d9c8e0, 0x0000025114dbbf70, 0x0000025114db6390,
0x0000025117856070, 0x0000025117856d90, 0x0000025117856700, 0x0000025117857420,
0x0000025117857ab0, 0x0000025116cd34b0, 0x0000025116cd3b80, 0x00000251197e3160
}

Java Threads: ( => current thread )
  0x00000250b2895c60 JavaThread "main"                              [_thread_blocked, id=2088, stack(0x000000cdb8000000,0x000000cdb8100000) (1024K)]
  0x00000250cb6f2790 JavaThread "Reference Handler"          daemon [_thread_blocked, id=14800, stack(0x000000cdb8400000,0x000000cdb8500000) (1024K)]
  0x00000250cb6f3de0 JavaThread "Finalizer"                  daemon [_thread_blocked, id=21424, stack(0x000000cdb8500000,0x000000cdb8600000) (1024K)]
  0x00000250cb6f7e70 JavaThread "Signal Dispatcher"          daemon [_thread_blocked, id=12052, stack(0x000000cdb8600000,0x000000cdb8700000) (1024K)]
=>0x00000250cb6f8d50 JavaThread "Attach Listener"            daemon [_thread_in_vm, id=4916, stack(0x000000cdb8700000,0x000000cdb8800000) (1024K)]
  0x00000250cb6fd010 JavaThread "Service Thread"             daemon [_thread_blocked, id=15068, stack(0x000000cdb8800000,0x000000cdb8900000) (1024K)]
  0x00000250cb6fda70 JavaThread "Monitor Deflation Thread"   daemon [_thread_blocked, id=19136, stack(0x000000cdb8900000,0x000000cdb8a00000) (1024K)]
  0x000002510dd29390 JavaThread "C2 CompilerThread0"         daemon [_thread_in_native, id=18112, stack(0x000000cdb8a00000,0x000000cdb8b00000) (1024K)]
  0x000002510dd2bf90 JavaThread "C1 CompilerThread0"         daemon [_thread_blocked, id=18468, stack(0x000000cdb8b00000,0x000000cdb8c00000) (1024K)]
  0x000002510dfa3210 JavaThread "Common-Cleaner"             daemon [_thread_blocked, id=6600, stack(0x000000cdb8f00000,0x000000cdb9000000) (1024K)]
  0x000002510f3fc7b0 JavaThread "Notification Thread"        daemon [_thread_blocked, id=3552, stack(0x000000cdb9000000,0x000000cdb9100000) (1024K)]
  0x00000251143cf3e0 JavaThread "Active Thread: Equinox Container: d5f2a5a6-a0c0-433b-a6ab-af4f8d417de5"        [_thread_blocked, id=13588, stack(0x000000cdb9900000,0x000000cdb9a00000) (1024K)]
  0x00000251143d0100 JavaThread "Refresh Thread: Equinox Container: d5f2a5a6-a0c0-433b-a6ab-af4f8d417de5" daemon [_thread_blocked, id=21224, stack(0x000000cdb9b00000,0x000000cdb9c00000) (1024K)]
  0x00000251143d14b0 JavaThread "Framework Event Dispatcher: Equinox Container: d5f2a5a6-a0c0-433b-a6ab-af4f8d417de5" daemon [_thread_blocked, id=17396, stack(0x000000cdb9c00000,0x000000cdb9d00000) (1024K)]
  0x00000251143d0790 JavaThread "Start Level: Equinox Container: d5f2a5a6-a0c0-433b-a6ab-af4f8d417de5" daemon [_thread_blocked, id=19484, stack(0x000000cdb9d00000,0x000000cdb9e00000) (1024K)]
  0x00000251143d1b40 JavaThread "Bundle File Closer"         daemon [_thread_blocked, id=17572, stack(0x000000cdba100000,0x000000cdba200000) (1024K)]
  0x00000251143d2860 JavaThread "SCR Component Actor"        daemon [_thread_blocked, id=6360, stack(0x000000cdb8e00000,0x000000cdb8f00000) (1024K)]
  0x00000251143d0e20 JavaThread "Worker-JM"                         [_thread_blocked, id=13972, stack(0x000000cdba400000,0x000000cdba500000) (1024K)]
  0x00000251143d21d0 JavaThread "JNA Cleaner"                daemon [_thread_blocked, id=16132, stack(0x000000cdba200000,0x000000cdba300000) (1024K)]
  0x0000025114471890 JavaThread "Worker-1"                          [_thread_blocked, id=8736, stack(0x000000cdba700000,0x000000cdba800000) (1024K)]
  0x0000025114473ff0 JavaThread "Java indexing"              daemon [_thread_blocked, id=20200, stack(0x000000cdba900000,0x000000cdbaa00000) (1024K)]
  0x000002511446f7c0 JavaThread "Thread-1"                   daemon [_thread_in_native, id=19900, stack(0x000000cdbae00000,0x000000cdbaf00000) (1024K)]
  0x0000025114471f20 JavaThread "Thread-2"                   daemon [_thread_in_native, id=7676, stack(0x000000cdbaf00000,0x000000cdbb000000) (1024K)]
  0x000002511446d6f0 JavaThread "Thread-3"                   daemon [_thread_in_native, id=21896, stack(0x000000cdbb000000,0x000000cdbb100000) (1024K)]
  0x000002511446f130 JavaThread "Thread-4"                   daemon [_thread_in_native, id=2348, stack(0x000000cdbb100000,0x000000cdbb200000) (1024K)]
  0x00000251144725b0 JavaThread "Thread-5"                   daemon [_thread_in_native, id=4048, stack(0x000000cdbb200000,0x000000cdbb300000) (1024K)]
  0x000002511446dd80 JavaThread "Thread-6"                   daemon [_thread_in_native, id=21200, stack(0x000000cdbb300000,0x000000cdbb400000) (1024K)]
  0x0000025114472c40 JavaThread "Thread-7"                   daemon [_thread_in_native, id=12360, stack(0x000000cdbb400000,0x000000cdbb500000) (1024K)]
  0x000002511446fe50 JavaThread "Thread-8"                   daemon [_thread_in_native, id=18984, stack(0x000000cdbb500000,0x000000cdbb600000) (1024K)]
  0x00000251144704e0 JavaThread "Thread-9"                   daemon [_thread_in_native, id=16024, stack(0x000000cdbb600000,0x000000cdbb700000) (1024K)]
  0x00000251144732d0 JavaThread "Thread-10"                  daemon [_thread_in_native, id=12972, stack(0x000000cdbb700000,0x000000cdbb800000) (1024K)]
  0x000002511446d060 JavaThread "Thread-11"                  daemon [_thread_in_native, id=16188, stack(0x000000cdbb800000,0x000000cdbb900000) (1024K)]
  0x0000025114474680 JavaThread "Thread-12"                  daemon [_thread_in_native, id=16980, stack(0x000000cdbb900000,0x000000cdbba00000) (1024K)]
  0x0000025114473960 JavaThread "Thread-13"                  daemon [_thread_in_native, id=8516, stack(0x000000cdbba00000,0x000000cdbbb00000) (1024K)]
  0x0000025114db8af0 JavaThread "Thread-14"                  daemon [_thread_in_native, id=20780, stack(0x000000cdbbb00000,0x000000cdbbc00000) (1024K)]
  0x0000025114db5670 JavaThread "Thread-15"                  daemon [_thread_in_native, id=10284, stack(0x000000cdbbc00000,0x000000cdbbd00000) (1024K)]
  0x0000025114db5d00 JavaThread "Thread-16"                  daemon [_thread_in_native, id=2056, stack(0x000000cdbbd00000,0x000000cdbbe00000) (1024K)]
  0x0000025114db9180 JavaThread "Thread-17"                  daemon [_thread_in_native, id=18472, stack(0x000000cdbbe00000,0x000000cdbbf00000) (1024K)]
  0x0000025114dbb250 JavaThread "pool-2-thread-1"                   [_thread_blocked, id=22512, stack(0x000000cdbbf00000,0x000000cdbc000000) (1024K)]
  0x0000025114db7dd0 JavaThread "WorkspaceEventsHandler"            [_thread_blocked, id=8732, stack(0x000000cdbc300000,0x000000cdbc400000) (1024K)]
  0x0000025114db8460 JavaThread "pool-1-thread-1"                   [_thread_blocked, id=17084, stack(0x000000cdbc400000,0x000000cdbc500000) (1024K)]
  0x0000025114dba530 JavaThread "ForkJoinPool.commonPool-worker-2" daemon [_thread_blocked, id=16140, stack(0x000000cdbc600000,0x000000cdbc700000) (1024K)]
  0x0000025114dbabc0 JavaThread "ForkJoinPool.commonPool-worker-3" daemon [_thread_blocked, id=3052, stack(0x000000cdbc700000,0x000000cdbc800000) (1024K)]
  0x0000025114db6a20 JavaThread "ForkJoinPool.commonPool-worker-10" daemon [_thread_blocked, id=19672, stack(0x000000cdbce00000,0x000000cdbcf00000) (1024K)]
  0x0000025116d9e320 JavaThread "ForkJoinPool.commonPool-worker-12" daemon [_thread_blocked, id=21048, stack(0x000000cdbd000000,0x000000cdbd100000) (1024K)]
  0x000002511a093480 JavaThread "Cleaner-0"                  daemon [_thread_blocked, id=18684, stack(0x000000cdbc000000,0x000000cdbc100000) (1024K)]
  0x0000025116d9d600 JavaThread "Worker-6"                          [_thread_blocked, id=20524, stack(0x000000cdb7d00000,0x000000cdb7e00000) (1024K)]
  0x000002511446eaa0 JavaThread "LocalFile Deleter"          daemon [_thread_blocked, id=19580, stack(0x000000cdb8d00000,0x000000cdb8e00000) (1024K)]
  0x0000025116da0a80 JavaThread "LocalFile Deleter"          daemon [_thread_blocked, id=17972, stack(0x000000cdbaa00000,0x000000cdbab00000) (1024K)]
  0x0000025116d9c8e0 JavaThread "LocalFile Deleter"          daemon [_thread_blocked, id=20096, stack(0x000000cdbab00000,0x000000cdbac00000) (1024K)]
  0x0000025114dbbf70 JavaThread "LocalFile Deleter"          daemon [_thread_blocked, id=14920, stack(0x000000cdbad00000,0x000000cdbae00000) (1024K)]
  0x0000025114db6390 JavaThread "LocalFile Deleter"          daemon [_thread_blocked, id=17012, stack(0x000000cdbc100000,0x000000cdbc200000) (1024K)]
  0x0000025117856070 JavaThread "LocalFile Deleter"          daemon [_thread_blocked, id=8528, stack(0x000000cdbc200000,0x000000cdbc300000) (1024K)]
  0x0000025117856d90 JavaThread "LocalFile Deleter"          daemon [_thread_blocked, id=13444, stack(0x000000cdbc500000,0x000000cdbc600000) (1024K)]
  0x0000025117856700 JavaThread "LocalFile Deleter"          daemon [_thread_blocked, id=8952, stack(0x000000cdbc800000,0x000000cdbc900000) (1024K)]
  0x0000025117857420 JavaThread "LocalFile Deleter"          daemon [_thread_blocked, id=18120, stack(0x000000cdbcc00000,0x000000cdbcd00000) (1024K)]
  0x0000025117857ab0 JavaThread "LocalFile Deleter"          daemon [_thread_blocked, id=6324, stack(0x000000cdbd100000,0x000000cdbd200000) (1024K)]
  0x0000025116cd34b0 JavaThread "C1 CompilerThread1"         daemon [_thread_blocked, id=16948, stack(0x000000cdb7f00000,0x000000cdb8000000) (1024K)]
  0x0000025116cd3b80 JavaThread "C1 CompilerThread2"         daemon [_thread_blocked, id=17384, stack(0x000000cdb8c00000,0x000000cdb8d00000) (1024K)]
  0x00000251197e3160 JavaThread "C1 CompilerThread3"         daemon [_thread_blocked, id=6672, stack(0x000000cdb9100000,0x000000cdb9200000) (1024K)]
Total: 60

Other Threads:
  0x00000250cb6e42d0 VMThread "VM Thread"                           [id=9112, stack(0x000000cdb8300000,0x000000cdb8400000) (1024K)]
  0x00000250b4cab1b0 WatcherThread "VM Periodic Task Thread"        [id=19856, stack(0x000000cdb8200000,0x000000cdb8300000) (1024K)]
  0x00000250b4c505b0 WorkerThread "GC Thread#0"                     [id=17720, stack(0x000000cdb8100000,0x000000cdb8200000) (1024K)]
  0x000002511414b560 WorkerThread "GC Thread#1"                     [id=15148, stack(0x000000cdb9200000,0x000000cdb9300000) (1024K)]
  0x000002510fa333b0 WorkerThread "GC Thread#2"                     [id=12212, stack(0x000000cdb9300000,0x000000cdb9400000) (1024K)]
  0x00000251143f9af0 WorkerThread "GC Thread#3"                     [id=10516, stack(0x000000cdb9400000,0x000000cdb9500000) (1024K)]
  0x00000251143fa2b0 WorkerThread "GC Thread#4"                     [id=19228, stack(0x000000cdb9500000,0x000000cdb9600000) (1024K)]
  0x00000251143fa660 WorkerThread "GC Thread#5"                     [id=19732, stack(0x000000cdb9600000,0x000000cdb9700000) (1024K)]
  0x00000251143faa10 WorkerThread "GC Thread#6"                     [id=14788, stack(0x000000cdb9700000,0x000000cdb9800000) (1024K)]
  0x00000251143606e0 WorkerThread "GC Thread#7"                     [id=7460, stack(0x000000cdb9a00000,0x000000cdb9b00000) (1024K)]
  0x00000251145c2880 WorkerThread "GC Thread#8"                     [id=19632, stack(0x000000cdb9e00000,0x000000cdb9f00000) (1024K)]
  0x00000251145c2c30 WorkerThread "GC Thread#9"                     [id=15180, stack(0x000000cdb9f00000,0x000000cdba000000) (1024K)]
  0x00000251145c2fe0 WorkerThread "GC Thread#10"                    [id=21956, stack(0x000000cdba000000,0x000000cdba100000) (1024K)]
  0x000002511417efe0 WorkerThread "GC Thread#11"                    [id=21360, stack(0x000000cdba300000,0x000000cdba400000) (1024K)]
  0x000002511417f390 WorkerThread "GC Thread#12"                    [id=22024, stack(0x000000cdba500000,0x000000cdba600000) (1024K)]
Total: 15

Threads with active compile tasks:
Total: 0

VM state: not at safepoint (normal execution)

VM Mutex/Monitor currently owned by a thread: None

Heap address: 0x0000000080000000, size: 2048 MB, Compressed Oops mode: 32-bit

CDS archive(s) mapped at: [0x00000250cc000000-0x00000250ccba0000-0x00000250ccba0000), size 12189696, SharedBaseAddress: 0x00000250cc000000, ArchiveRelocationMode: 1.
Compressed class space mapped at: 0x00000250cd000000-0x000002510d000000, reserved size: 1073741824
Narrow klass base: 0x00000250cc000000, Narrow klass shift: 0, Narrow klass range: 0x100000000

GC Precious Log:
 CardTable entry size: 512
 CPUs: 16 total, 16 available
 Memory: 16296M
 Large Page Support: Disabled
 NUMA Support: Disabled
 Compressed Oops: Enabled (32-bit)
 Alignments: Space 512K, Generation 512K, Heap 2M
 Heap Min Capacity: 100M
 Heap Initial Capacity: 100M
 Heap Max Capacity: 2G
 Pre-touch: Disabled
 Parallel Workers: 13

Heap:
 PSYoungGen      total 2048K, used 835K [0x00000000d5580000, 0x00000000d5880000, 0x0000000100000000)
  eden space 1536K, 37% used [0x00000000d5580000,0x00000000d5610d18,0x00000000d5700000)
  from space 512K, 50% used [0x00000000d5800000,0x00000000d5840000,0x00000000d5880000)
  to   space 512K, 0% used [0x00000000d5780000,0x00000000d5780000,0x00000000d5800000)
 ParOldGen       total 1006592K, used 526637K [0x0000000080000000, 0x00000000bd700000, 0x00000000d5580000)
  object space 1006592K, 52% used [0x0000000080000000,0x00000000a024b6d8,0x00000000bd700000)
 Metaspace       used 78083K, committed 79744K, reserved 1179648K
  class space    used 7897K, committed 8640K, reserved 1048576K

Card table byte_map: [0x00000250b4620000,0x00000250b4a30000] _byte_map_base: 0x00000250b4220000

Marking Bits: (ParMarkBitMap*) 0x00007ffa6a9c3450
 Begin Bits: [0x00000250c7100000, 0x00000250c9100000)
 End Bits:   [0x00000250c9100000, 0x00000250cb100000)

Polling page: 0x00000250b4410000

Metaspace:

Usage:
  Non-class:     68.54 MB used.
      Class:      7.71 MB used.
       Both:     76.25 MB used.

Virtual space:
  Non-class space:      128.00 MB reserved,      69.44 MB ( 54%) committed,  2 nodes.
      Class space:        1.00 GB reserved,       8.44 MB ( <1%) committed,  1 nodes.
             Both:        1.12 GB reserved,      77.88 MB (  7%) committed. 

Chunk freelists:
   Non-Class:  10.50 MB
       Class:  7.50 MB
        Both:  18.00 MB

MaxMetaspaceSize: unlimited
CompressedClassSpaceSize: 1.00 GB
Initial GC threshold: 21.00 MB
Current GC threshold: 122.81 MB
CDS: on
 - commit_granule_bytes: 65536.
 - commit_granule_words: 8192.
 - virtual_space_node_default_size: 8388608.
 - enlarge_chunks_in_place: 1.
 - use_allocation_guard: 0.


Internal statistics:

num_allocs_failed_limit: 9.
num_arena_births: 1598.
num_arena_deaths: 34.
num_vsnodes_births: 3.
num_vsnodes_deaths: 0.
num_space_committed: 1246.
num_space_uncommitted: 0.
num_chunks_returned_to_freelist: 52.
num_chunks_taken_from_freelist: 5450.
num_chunk_merges: 16.
num_chunk_splits: 3327.
num_chunks_enlarged: 1899.
num_inconsistent_stats: 0.

CodeHeap 'non-profiled nmethods': size=119168Kb used=16064Kb max_used=16064Kb free=103103Kb
 bounds [0x00000250bf9f0000, 0x00000250c09b0000, 0x00000250c6e50000]
CodeHeap 'profiled nmethods': size=119104Kb used=42909Kb max_used=42909Kb free=76194Kb
 bounds [0x00000250b7e50000, 0x00000250ba840000, 0x00000250bf2a0000]
CodeHeap 'non-nmethods': size=7488Kb used=3170Kb max_used=3256Kb free=4317Kb
 bounds [0x00000250bf2a0000, 0x00000250bf5f0000, 0x00000250bf9f0000]
CodeCache: size=245760Kb, used=62143Kb, max_used=62229Kb, free=183614Kb
 total_blobs=18137, nmethods=17338, adapters=699, full_count=0
Compilation: enabled, stopped_count=0, restarted_count=0

Compilation events (20 events):
Event: 1131.853 Thread 0x0000025116cd34b0 18764   !   3       org.eclipse.jdt.core.dom.VariableDeclarationExpression::getType (59 bytes)
Event: 1131.853 Thread 0x0000025116cd34b0 nmethod 18764 0x00000250ba82b090 code [0x00000250ba82b300, 0x00000250ba82bdd0]
Event: 1131.867 Thread 0x000002510dd29390 nmethod 18763 0x00000250c0991590 code [0x00000250c09917c0, 0x00000250c09922e0]
Event: 1131.949 Thread 0x0000025116cd34b0 18765       3       org.eclipse.lsp4j.jsonrpc.json.adapters.JsonElementTypeAdapter::read (6 bytes)
Event: 1131.949 Thread 0x00000251197e3160 18766       3       org.eclipse.lsp4j.jsonrpc.json.adapters.JsonElementTypeAdapter::read (12 bytes)
Event: 1131.949 Thread 0x0000025116cd34b0 nmethod 18765 0x00000250ba82c510 code [0x00000250ba82c6e0, 0x00000250ba82ca18]
Event: 1131.949 Thread 0x00000251197e3160 nmethod 18766 0x00000250ba82cb10 code [0x00000250ba82ccc0, 0x00000250ba82cf88]
Event: 1131.952 Thread 0x000002510dd29390 18767 % !   4       org.eclipse.jdt.internal.compiler.parser.Scanner::jumpOverMethodBody @ 12 (2550 bytes)
Event: 1131.959 Thread 0x00000251197e3160 18769       3       java.net.URI$Parser::parseHierarchical (178 bytes)
Event: 1131.961 Thread 0x00000251197e3160 nmethod 18769 0x00000250ba82d090 code [0x00000250ba82d4a0, 0x00000250ba82eef8]
Event: 1131.967 Thread 0x0000025116cd34b0 18770       3       java.net.URI::appendSchemeSpecificPart (158 bytes)
Event: 1131.967 Thread 0x0000025116cd34b0 nmethod 18770 0x00000250ba82fa10 code [0x00000250ba82fd20, 0x00000250ba830938]
Event: 1132.021 Thread 0x000002510dd29390 nmethod 18767% 0x00000250c0992890 code [0x00000250c0992ea0, 0x00000250c0996858]
Event: 1132.021 Thread 0x000002510dd29390 18768       4       org.eclipse.jdt.core.dom.ASTConverter::convert (708 bytes)
Event: 1132.027 Thread 0x0000025116cd34b0 18771       3       org.eclipse.jdt.internal.core.util.MementoTokenizer::nextToken (647 bytes)
Event: 1132.028 Thread 0x0000025116cd34b0 nmethod 18771 0x00000250ba830f10 code [0x00000250ba8312a0, 0x00000250ba8325c8]
Event: 1132.032 Thread 0x0000025116cd3b80 18774       3       org.eclipse.jdt.internal.core.JavaProject::getHandleFromMemento (281 bytes)
Event: 1132.035 Thread 0x0000025116cd3b80 nmethod 18774 0x00000250ba832b10 code [0x00000250ba8330a0, 0x00000250ba836250]
Event: 1132.041 Thread 0x000002510dd29390 nmethod 18768 0x00000250c0998a90 code [0x00000250c0998e60, 0x00000250c099a7b8]
Event: 1132.042 Thread 0x000002510dd29390 18773       4       org.eclipse.jdt.internal.core.util.MementoTokenizer::nextToken (647 bytes)

GC Heap History (20 events):
Event: 1131.849 GC heap before
{Heap before GC invocations=487 (full 4):
 PSYoungGen      total 2048K, used 1920K [0x00000000d5580000, 0x00000000d5880000, 0x0000000100000000)
  eden space 1536K, 100% used [0x00000000d5580000,0x00000000d5700000,0x00000000d5700000)
  from space 512K, 75% used [0x00000000d5800000,0x00000000d5860000,0x00000000d5880000)
  to   space 512K, 0% used [0x00000000d5780000,0x00000000d5780000,0x00000000d5800000)
 ParOldGen       total 1006592K, used 525910K [0x0000000080000000, 0x00000000bd700000, 0x00000000d5580000)
  object space 1006592K, 52% used [0x0000000080000000,0x00000000a0195bf0,0x00000000bd700000)
 Metaspace       used 78082K, committed 79744K, reserved 1179648K
  class space    used 7897K, committed 8640K, reserved 1048576K
}
Event: 1131.850 GC heap after
{Heap after GC invocations=487 (full 4):
 PSYoungGen      total 2048K, used 320K [0x00000000d5580000, 0x00000000d5880000, 0x0000000100000000)
  eden space 1536K, 0% used [0x00000000d5580000,0x00000000d5580000,0x00000000d5700000)
  from space 512K, 62% used [0x00000000d5780000,0x00000000d57d0000,0x00000000d5800000)
  to   space 512K, 0% used [0x00000000d5800000,0x00000000d5800000,0x00000000d5880000)
 ParOldGen       total 1006592K, used 525974K [0x0000000080000000, 0x00000000bd700000, 0x00000000d5580000)
  object space 1006592K, 52% used [0x0000000080000000,0x00000000a01a5bf0,0x00000000bd700000)
 Metaspace       used 78082K, committed 79744K, reserved 1179648K
  class space    used 7897K, committed 8640K, reserved 1048576K
}
Event: 1131.954 GC heap before
{Heap before GC invocations=488 (full 4):
 PSYoungGen      total 2048K, used 1856K [0x00000000d5580000, 0x00000000d5880000, 0x0000000100000000)
  eden space 1536K, 100% used [0x00000000d5580000,0x00000000d5700000,0x00000000d5700000)
  from space 512K, 62% used [0x00000000d5780000,0x00000000d57d0000,0x00000000d5800000)
  to   space 512K, 0% used [0x00000000d5800000,0x00000000d5800000,0x00000000d5880000)
 ParOldGen       total 1006592K, used 525974K [0x0000000080000000, 0x00000000bd700000, 0x00000000d5580000)
  object space 1006592K, 52% used [0x0000000080000000,0x00000000a01a5bf0,0x00000000bd700000)
 Metaspace       used 78083K, committed 79744K, reserved 1179648K
  class space    used 7897K, committed 8640K, reserved 1048576K
}
Event: 1131.955 GC heap after
{Heap after GC invocations=488 (full 4):
 PSYoungGen      total 2048K, used 442K [0x00000000d5580000, 0x00000000d5880000, 0x0000000100000000)
  eden space 1536K, 0% used [0x00000000d5580000,0x00000000d5580000,0x00000000d5700000)
  from space 512K, 86% used [0x00000000d5800000,0x00000000d586eaa8,0x00000000d5880000)
  to   space 512K, 0% used [0x00000000d5780000,0x00000000d5780000,0x00000000d5800000)
 ParOldGen       total 1006592K, used 526070K [0x0000000080000000, 0x00000000bd700000, 0x00000000d5580000)
  object space 1006592K, 52% used [0x0000000080000000,0x00000000a01bdbf0,0x00000000bd700000)
 Metaspace       used 78083K, committed 79744K, reserved 1179648K
  class space    used 7897K, committed 8640K, reserved 1048576K
}
Event: 1131.960 GC heap before
{Heap before GC invocations=489 (full 4):
 PSYoungGen      total 2048K, used 1978K [0x00000000d5580000, 0x00000000d5880000, 0x0000000100000000)
  eden space 1536K, 100% used [0x00000000d5580000,0x00000000d5700000,0x00000000d5700000)
  from space 512K, 86% used [0x00000000d5800000,0x00000000d586eaa8,0x00000000d5880000)
  to   space 512K, 0% used [0x00000000d5780000,0x00000000d5780000,0x00000000d5800000)
 ParOldGen       total 1006592K, used 526070K [0x0000000080000000, 0x00000000bd700000, 0x00000000d5580000)
  object space 1006592K, 52% used [0x0000000080000000,0x00000000a01bdbf0,0x00000000bd700000)
 Metaspace       used 78083K, committed 79744K, reserved 1179648K
  class space    used 7897K, committed 8640K, reserved 1048576K
}
Event: 1131.960 GC heap after
{Heap after GC invocations=489 (full 4):
 PSYoungGen      total 2048K, used 416K [0x00000000d5580000, 0x00000000d5880000, 0x0000000100000000)
  eden space 1536K, 0% used [0x00000000d5580000,0x00000000d5580000,0x00000000d5700000)
  from space 512K, 81% used [0x00000000d5780000,0x00000000d57e8000,0x00000000d5800000)
  to   space 512K, 0% used [0x00000000d5800000,0x00000000d5800000,0x00000000d5880000)
 ParOldGen       total 1006592K, used 526229K [0x0000000080000000, 0x00000000bd700000, 0x00000000d5580000)
  object space 1006592K, 52% used [0x0000000080000000,0x00000000a01e56d8,0x00000000bd700000)
 Metaspace       used 78083K, committed 79744K, reserved 1179648K
  class space    used 7897K, committed 8640K, reserved 1048576K
}
Event: 1131.964 GC heap before
{Heap before GC invocations=490 (full 4):
 PSYoungGen      total 2048K, used 1944K [0x00000000d5580000, 0x00000000d5880000, 0x0000000100000000)
  eden space 1536K, 99% used [0x00000000d5580000,0x00000000d56fe140,0x00000000d5700000)
  from space 512K, 81% used [0x00000000d5780000,0x00000000d57e8000,0x00000000d5800000)
  to   space 512K, 0% used [0x00000000d5800000,0x00000000d5800000,0x00000000d5880000)
 ParOldGen       total 1006592K, used 526229K [0x0000000080000000, 0x00000000bd700000, 0x00000000d5580000)
  object space 1006592K, 52% used [0x0000000080000000,0x00000000a01e56d8,0x00000000bd700000)
 Metaspace       used 78083K, committed 79744K, reserved 1179648K
  class space    used 7897K, committed 8640K, reserved 1048576K
}
Event: 1131.965 GC heap after
{Heap after GC invocations=490 (full 4):
 PSYoungGen      total 2048K, used 224K [0x00000000d5580000, 0x00000000d5880000, 0x0000000100000000)
  eden space 1536K, 0% used [0x00000000d5580000,0x00000000d5580000,0x00000000d5700000)
  from space 512K, 43% used [0x00000000d5800000,0x00000000d5838000,0x00000000d5880000)
  to   space 512K, 0% used [0x00000000d5780000,0x00000000d5780000,0x00000000d5800000)
 ParOldGen       total 1006592K, used 526517K [0x0000000080000000, 0x00000000bd700000, 0x00000000d5580000)
  object space 1006592K, 52% used [0x0000000080000000,0x00000000a022d6d8,0x00000000bd700000)
 Metaspace       used 78083K, committed 79744K, reserved 1179648K
  class space    used 7897K, committed 8640K, reserved 1048576K
}
Event: 1131.969 GC heap before
{Heap before GC invocations=491 (full 4):
 PSYoungGen      total 2048K, used 1746K [0x00000000d5580000, 0x00000000d5880000, 0x0000000100000000)
  eden space 1536K, 99% used [0x00000000d5580000,0x00000000d56fca48,0x00000000d5700000)
  from space 512K, 43% used [0x00000000d5800000,0x00000000d5838000,0x00000000d5880000)
  to   space 512K, 0% used [0x00000000d5780000,0x00000000d5780000,0x00000000d5800000)
 ParOldGen       total 1006592K, used 526517K [0x0000000080000000, 0x00000000bd700000, 0x00000000d5580000)
  object space 1006592K, 52% used [0x0000000080000000,0x00000000a022d6d8,0x00000000bd700000)
 Metaspace       used 78083K, committed 79744K, reserved 1179648K
  class space    used 7897K, committed 8640K, reserved 1048576K
}
Event: 1131.970 GC heap after
{Heap after GC invocations=491 (full 4):
 PSYoungGen      total 2048K, used 192K [0x00000000d5580000, 0x00000000d5880000, 0x0000000100000000)
  eden space 1536K, 0% used [0x00000000d5580000,0x00000000d5580000,0x00000000d5700000)
  from space 512K, 37% used [0x00000000d5780000,0x00000000d57b0000,0x00000000d5800000)
  to   space 512K, 0% used [0x00000000d5800000,0x00000000d5800000,0x00000000d5880000)
 ParOldGen       total 1006592K, used 526517K [0x0000000080000000, 0x00000000bd700000, 0x00000000d5580000)
  object space 1006592K, 52% used [0x0000000080000000,0x00000000a022d6d8,0x00000000bd700000)
 Metaspace       used 78083K, committed 79744K, reserved 1179648K
  class space    used 7897K, committed 8640K, reserved 1048576K
}
Event: 1131.973 GC heap before
{Heap before GC invocations=492 (full 4):
 PSYoungGen      total 2048K, used 1708K [0x00000000d5580000, 0x00000000d5880000, 0x0000000100000000)
  eden space 1536K, 98% used [0x00000000d5580000,0x00000000d56fb298,0x00000000d5700000)
  from space 512K, 37% used [0x00000000d5780000,0x00000000d57b0000,0x00000000d5800000)
  to   space 512K, 0% used [0x00000000d5800000,0x00000000d5800000,0x00000000d5880000)
 ParOldGen       total 1006592K, used 526517K [0x0000000080000000, 0x00000000bd700000, 0x00000000d5580000)
  object space 1006592K, 52% used [0x0000000080000000,0x00000000a022d6d8,0x00000000bd700000)
 Metaspace       used 78083K, committed 79744K, reserved 1179648K
  class space    used 7897K, committed 8640K, reserved 1048576K
}
Event: 1131.974 GC heap after
{Heap after GC invocations=492 (full 4):
 PSYoungGen      total 2048K, used 288K [0x00000000d5580000, 0x00000000d5880000, 0x0000000100000000)
  eden space 1536K, 0% used [0x00000000d5580000,0x00000000d5580000,0x00000000d5700000)
  from space 512K, 56% used [0x00000000d5800000,0x00000000d5848000,0x00000000d5880000)
  to   space 512K, 0% used [0x00000000d5780000,0x00000000d5780000,0x00000000d5800000)
 ParOldGen       total 1006592K, used 526517K [0x0000000080000000, 0x00000000bd700000, 0x00000000d5580000)
  object space 1006592K, 52% used [0x0000000080000000,0x00000000a022d6d8,0x00000000bd700000)
 Metaspace       used 78083K, committed 79744K, reserved 1179648K
  class space    used 7897K, committed 8640K, reserved 1048576K
}
Event: 1131.978 GC heap before
{Heap before GC invocations=493 (full 4):
 PSYoungGen      total 2048K, used 1799K [0x00000000d5580000, 0x00000000d5880000, 0x0000000100000000)
  eden space 1536K, 98% used [0x00000000d5580000,0x00000000d56f9c58,0x00000000d5700000)
  from space 512K, 56% used [0x00000000d5800000,0x00000000d5848000,0x00000000d5880000)
  to   space 512K, 0% used [0x00000000d5780000,0x00000000d5780000,0x00000000d5800000)
 ParOldGen       total 1006592K, used 526517K [0x0000000080000000, 0x00000000bd700000, 0x00000000d5580000)
  object space 1006592K, 52% used [0x0000000080000000,0x00000000a022d6d8,0x00000000bd700000)
 Metaspace       used 78083K, committed 79744K, reserved 1179648K
  class space    used 7897K, committed 8640K, reserved 1048576K
}
Event: 1131.979 GC heap after
{Heap after GC invocations=493 (full 4):
 PSYoungGen      total 2048K, used 224K [0x00000000d5580000, 0x00000000d5880000, 0x0000000100000000)
  eden space 1536K, 0% used [0x00000000d5580000,0x00000000d5580000,0x00000000d5700000)
  from space 512K, 43% used [0x00000000d5780000,0x00000000d57b8000,0x00000000d5800000)
  to   space 512K, 0% used [0x00000000d5800000,0x00000000d5800000,0x00000000d5880000)
 ParOldGen       total 1006592K, used 526517K [0x0000000080000000, 0x00000000bd700000, 0x00000000d5580000)
  object space 1006592K, 52% used [0x0000000080000000,0x00000000a022d6d8,0x00000000bd700000)
 Metaspace       used 78083K, committed 79744K, reserved 1179648K
  class space    used 7897K, committed 8640K, reserved 1048576K
}
Event: 1132.025 GC heap before
{Heap before GC invocations=494 (full 4):
 PSYoungGen      total 2048K, used 1760K [0x00000000d5580000, 0x00000000d5880000, 0x0000000100000000)
  eden space 1536K, 100% used [0x00000000d5580000,0x00000000d5700000,0x00000000d5700000)
  from space 512K, 43% used [0x00000000d5780000,0x00000000d57b8000,0x00000000d5800000)
  to   space 512K, 0% used [0x00000000d5800000,0x00000000d5800000,0x00000000d5880000)
 ParOldGen       total 1006592K, used 526517K [0x0000000080000000, 0x00000000bd700000, 0x00000000d5580000)
  object space 1006592K, 52% used [0x0000000080000000,0x00000000a022d6d8,0x00000000bd700000)
 Metaspace       used 78083K, committed 79744K, reserved 1179648K
  class space    used 7897K, committed 8640K, reserved 1048576K
}
Event: 1132.026 GC heap after
{Heap after GC invocations=494 (full 4):
 PSYoungGen      total 2048K, used 384K [0x00000000d5580000, 0x00000000d5880000, 0x0000000100000000)
  eden space 1536K, 0% used [0x00000000d5580000,0x00000000d5580000,0x00000000d5700000)
  from space 512K, 75% used [0x00000000d5800000,0x00000000d5860000,0x00000000d5880000)
  to   space 512K, 0% used [0x00000000d5780000,0x00000000d5780000,0x00000000d5800000)
 ParOldGen       total 1006592K, used 526517K [0x0000000080000000, 0x00000000bd700000, 0x00000000d5580000)
  object space 1006592K, 52% used [0x0000000080000000,0x00000000a022d6d8,0x00000000bd700000)
 Metaspace       used 78083K, committed 79744K, reserved 1179648K
  class space    used 7897K, committed 8640K, reserved 1048576K
}
Event: 1132.030 GC heap before
{Heap before GC invocations=495 (full 4):
 PSYoungGen      total 2048K, used 1920K [0x00000000d5580000, 0x00000000d5880000, 0x0000000100000000)
  eden space 1536K, 100% used [0x00000000d5580000,0x00000000d5700000,0x00000000d5700000)
  from space 512K, 75% used [0x00000000d5800000,0x00000000d5860000,0x00000000d5880000)
  to   space 512K, 0% used [0x00000000d5780000,0x00000000d5780000,0x00000000d5800000)
 ParOldGen       total 1006592K, used 526517K [0x0000000080000000, 0x00000000bd700000, 0x00000000d5580000)
  object space 1006592K, 52% used [0x0000000080000000,0x00000000a022d6d8,0x00000000bd700000)
 Metaspace       used 78083K, committed 79744K, reserved 1179648K
  class space    used 7897K, committed 8640K, reserved 1048576K
}
Event: 1132.031 GC heap after
{Heap after GC invocations=495 (full 4):
 PSYoungGen      total 2048K, used 288K [0x00000000d5580000, 0x00000000d5880000, 0x0000000100000000)
  eden space 1536K, 0% used [0x00000000d5580000,0x00000000d5580000,0x00000000d5700000)
  from space 512K, 56% used [0x00000000d5780000,0x00000000d57c8000,0x00000000d5800000)
  to   space 512K, 0% used [0x00000000d5800000,0x00000000d5800000,0x00000000d5880000)
 ParOldGen       total 1006592K, used 526581K [0x0000000080000000, 0x00000000bd700000, 0x00000000d5580000)
  object space 1006592K, 52% used [0x0000000080000000,0x00000000a023d6d8,0x00000000bd700000)
 Metaspace       used 78083K, committed 79744K, reserved 1179648K
  class space    used 7897K, committed 8640K, reserved 1048576K
}
Event: 1132.036 GC heap before
{Heap before GC invocations=496 (full 4):
 PSYoungGen      total 2048K, used 1806K [0x00000000d5580000, 0x00000000d5880000, 0x0000000100000000)
  eden space 1536K, 98% used [0x00000000d5580000,0x00000000d56fbb98,0x00000000d5700000)
  from space 512K, 56% used [0x00000000d5780000,0x00000000d57c8000,0x00000000d5800000)
  to   space 512K, 0% used [0x00000000d5800000,0x00000000d5800000,0x00000000d5880000)
 ParOldGen       total 1006592K, used 526581K [0x0000000080000000, 0x00000000bd700000, 0x00000000d5580000)
  object space 1006592K, 52% used [0x0000000080000000,0x00000000a023d6d8,0x00000000bd700000)
 Metaspace       used 78083K, committed 79744K, reserved 1179648K
  class space    used 7897K, committed 8640K, reserved 1048576K
}
Event: 1132.037 GC heap after
{Heap after GC invocations=496 (full 4):
 PSYoungGen      total 2048K, used 256K [0x00000000d5580000, 0x00000000d5880000, 0x0000000100000000)
  eden space 1536K, 0% used [0x00000000d5580000,0x00000000d5580000,0x00000000d5700000)
  from space 512K, 50% used [0x00000000d5800000,0x00000000d5840000,0x00000000d5880000)
  to   space 512K, 0% used [0x00000000d5780000,0x00000000d5780000,0x00000000d5800000)
 ParOldGen       total 1006592K, used 526637K [0x0000000080000000, 0x00000000bd700000, 0x00000000d5580000)
  object space 1006592K, 52% used [0x0000000080000000,0x00000000a024b6d8,0x00000000bd700000)
 Metaspace       used 78083K, committed 79744K, reserved 1179648K
  class space    used 7897K, committed 8640K, reserved 1048576K
}

Dll operation events (10 events):
Event: 0.009 Loaded shared library c:\Users\Anne\.vscode\extensions\redhat.java-1.54.0-win32-x64\jre\21.0.10-win32-x86_64\bin\java.dll
Event: 0.074 Loaded shared library c:\Users\Anne\.vscode\extensions\redhat.java-1.54.0-win32-x64\jre\21.0.10-win32-x86_64\bin\zip.dll
Event: 0.092 Loaded shared library C:\Users\Anne\.vscode\extensions\redhat.java-1.54.0-win32-x64\jre\21.0.10-win32-x86_64\bin\instrument.dll
Event: 0.096 Loaded shared library C:\Users\Anne\.vscode\extensions\redhat.java-1.54.0-win32-x64\jre\21.0.10-win32-x86_64\bin\net.dll
Event: 0.098 Loaded shared library C:\Users\Anne\.vscode\extensions\redhat.java-1.54.0-win32-x64\jre\21.0.10-win32-x86_64\bin\nio.dll
Event: 0.102 Loaded shared library C:\Users\Anne\.vscode\extensions\redhat.java-1.54.0-win32-x64\jre\21.0.10-win32-x86_64\bin\zip.dll
Event: 0.117 Loaded shared library C:\Users\Anne\.vscode\extensions\redhat.java-1.54.0-win32-x64\jre\21.0.10-win32-x86_64\bin\jimage.dll
Event: 0.190 Loaded shared library c:\Users\Anne\.vscode\extensions\redhat.java-1.54.0-win32-x64\jre\21.0.10-win32-x86_64\bin\verify.dll
Event: 1.102 Loaded shared library C:\Users\Anne\AppData\Roaming\Code\User\globalStorage\redhat.java\1.54.0\config_win\org.eclipse.equinox.launcher\org.eclipse.equinox.launcher.win32.win32.x86_64_1.3.0.v20260203-2149\eclipse_11919.dll
Event: 4.024 Loaded shared library C:\Users\Anne\AppData\Local\Temp\jna-2045636\jna16451425030061619835.dll

Deoptimization events (20 events):
Event: 1131.564 Thread 0x0000025114dba530 Uncommon trap: trap_request=0xffffffde fr.pc=0x00000250c094ccc8 relative=0x0000000000000268
Event: 1131.564 Thread 0x0000025114dba530 Uncommon trap: reason=class_check action=maybe_recompile pc=0x00000250c094ccc8 method=org.eclipse.jdt.internal.corext.dom.SelectionAnalyzer.visitNode(Lorg/eclipse/jdt/core/dom/ASTNode;)Z @ 41 c2
Event: 1131.564 Thread 0x0000025114dba530 DEOPT PACKING pc=0x00000250c094ccc8 sp=0x000000cdbc6fdd70
Event: 1131.564 Thread 0x0000025114dba530 DEOPT UNPACKING pc=0x00000250bf2f3aa2 sp=0x000000cdbc6fdd18 mode 2
Event: 1131.952 Thread 0x0000025114db8460 Uncommon trap: trap_request=0xffffffbe fr.pc=0x00000250c098a9f4 relative=0x00000000000006d4
Event: 1131.952 Thread 0x0000025114db8460 Uncommon trap: reason=profile_predicate action=maybe_recompile pc=0x00000250c098a9f4 method=org.eclipse.jdt.internal.compiler.parser.Scanner.jumpOverMethodBody()V @ 12 c2
Event: 1131.952 Thread 0x0000025114db8460 DEOPT PACKING pc=0x00000250c098a9f4 sp=0x000000cdbc4fdcd0
Event: 1131.952 Thread 0x0000025114db8460 DEOPT UNPACKING pc=0x00000250bf2f3aa2 sp=0x000000cdbc4fdc60 mode 2
Event: 1131.952 Thread 0x0000025114db8460 Uncommon trap: trap_request=0xffffffbe fr.pc=0x00000250c098a9f4 relative=0x00000000000006d4
Event: 1131.952 Thread 0x0000025114db8460 Uncommon trap: reason=profile_predicate action=maybe_recompile pc=0x00000250c098a9f4 method=org.eclipse.jdt.internal.compiler.parser.Scanner.jumpOverMethodBody()V @ 12 c2
Event: 1131.952 Thread 0x0000025114db8460 DEOPT PACKING pc=0x00000250c098a9f4 sp=0x000000cdbc4fdcd0
Event: 1131.952 Thread 0x0000025114db8460 DEOPT UNPACKING pc=0x00000250bf2f3aa2 sp=0x000000cdbc4fdc60 mode 2
Event: 1131.952 Thread 0x0000025114db8460 Uncommon trap: trap_request=0xffffffbe fr.pc=0x00000250c098a9f4 relative=0x00000000000006d4
Event: 1131.952 Thread 0x0000025114db8460 Uncommon trap: reason=profile_predicate action=maybe_recompile pc=0x00000250c098a9f4 method=org.eclipse.jdt.internal.compiler.parser.Scanner.jumpOverMethodBody()V @ 12 c2
Event: 1131.952 Thread 0x0000025114db8460 DEOPT PACKING pc=0x00000250c098a9f4 sp=0x000000cdbc4fdcd0
Event: 1131.952 Thread 0x0000025114db8460 DEOPT UNPACKING pc=0x00000250bf2f3aa2 sp=0x000000cdbc4fdc60 mode 2
Event: 1131.952 Thread 0x0000025114db8460 Uncommon trap: trap_request=0xffffffbe fr.pc=0x00000250c098a9f4 relative=0x00000000000006d4
Event: 1131.952 Thread 0x0000025114db8460 Uncommon trap: reason=profile_predicate action=maybe_recompile pc=0x00000250c098a9f4 method=org.eclipse.jdt.internal.compiler.parser.Scanner.jumpOverMethodBody()V @ 12 c2
Event: 1131.952 Thread 0x0000025114db8460 DEOPT PACKING pc=0x00000250c098a9f4 sp=0x000000cdbc4fdcd0
Event: 1131.952 Thread 0x0000025114db8460 DEOPT UNPACKING pc=0x00000250bf2f3aa2 sp=0x000000cdbc4fdc60 mode 2

Classes loaded (20 events):
Event: 308.813 Loading class java/io/ObjectOutputStream$ReplaceTable
Event: 308.813 Loading class java/io/ObjectOutputStream$ReplaceTable done
Event: 599.067 Loading class java/util/concurrent/ConcurrentHashMap$TreeNode
Event: 599.067 Loading class java/util/concurrent/ConcurrentHashMap$TreeNode done
Event: 599.067 Loading class java/util/concurrent/ConcurrentHashMap$TreeBin
Event: 599.067 Loading class java/util/concurrent/ConcurrentHashMap$TreeBin done
Event: 599.141 Loading class java/util/regex/Pattern$Behind
Event: 599.141 Loading class java/util/regex/Pattern$Behind done
Event: 599.141 Loading class java/util/regex/Pattern$Neg
Event: 599.141 Loading class java/util/regex/Pattern$Neg done
Event: 823.178 Loading class java/lang/Throwable$WrappedPrintWriter
Event: 823.178 Loading class java/lang/Throwable$PrintStreamOrWriter
Event: 823.179 Loading class java/lang/Throwable$PrintStreamOrWriter done
Event: 823.179 Loading class java/lang/Throwable$WrappedPrintWriter done
Event: 823.704 Loading class java/util/concurrent/ConcurrentHashMap$KeySpliterator
Event: 823.704 Loading class java/util/concurrent/ConcurrentHashMap$KeySpliterator done
Event: 1131.393 Loading class java/util/stream/ReferencePipeline$15
Event: 1131.394 Loading class java/util/stream/ReferencePipeline$15 done
Event: 1131.394 Loading class java/util/stream/ReferencePipeline$15$1
Event: 1131.394 Loading class java/util/stream/ReferencePipeline$15$1 done

Classes unloaded (17 events):
Event: 4.470 Thread 0x00000250cb6e42d0 Unloading class 0x00000250cd1aac00 'java/lang/invoke/LambdaForm$MH+0x00000250cd1aac00'
Event: 4.470 Thread 0x00000250cb6e42d0 Unloading class 0x00000250cd1aa800 'java/lang/invoke/LambdaForm$MH+0x00000250cd1aa800'
Event: 4.470 Thread 0x00000250cb6e42d0 Unloading class 0x00000250cd1aa400 'java/lang/invoke/LambdaForm$MH+0x00000250cd1aa400'
Event: 4.470 Thread 0x00000250cb6e42d0 Unloading class 0x00000250cd1aa000 'java/lang/invoke/LambdaForm$MH+0x00000250cd1aa000'
Event: 4.470 Thread 0x00000250cb6e42d0 Unloading class 0x00000250cd1a9c00 'java/lang/invoke/LambdaForm$BMH+0x00000250cd1a9c00'
Event: 4.470 Thread 0x00000250cb6e42d0 Unloading class 0x00000250cd1a9800 'java/lang/invoke/LambdaForm$DMH+0x00000250cd1a9800'
Event: 4.470 Thread 0x00000250cb6e42d0 Unloading class 0x00000250cd1a8400 'java/lang/invoke/LambdaForm$DMH+0x00000250cd1a8400'
Event: 8.797 Thread 0x00000250cb6e42d0 Unloading class 0x00000250cd6a8800 'java/lang/invoke/LambdaForm$DMH+0x00000250cd6a8800'
Event: 8.797 Thread 0x00000250cb6e42d0 Unloading class 0x00000250cd6a8400 'java/lang/invoke/LambdaForm$DMH+0x00000250cd6a8400'
Event: 573.090 Thread 0x00000250cb6e42d0 Unloading class 0x00000250cd703800 'java/lang/invoke/LambdaForm$MH+0x00000250cd703800'
Event: 573.090 Thread 0x00000250cb6e42d0 Unloading class 0x00000250cd703000 'java/lang/invoke/LambdaForm$MH+0x00000250cd703000'
Event: 573.090 Thread 0x00000250cb6e42d0 Unloading class 0x00000250cd702c00 'java/lang/invoke/LambdaForm$MH+0x00000250cd702c00'
Event: 573.090 Thread 0x00000250cb6e42d0 Unloading class 0x00000250cd702000 'java/lang/invoke/LambdaForm$MH+0x00000250cd702000'
Event: 573.090 Thread 0x00000250cb6e42d0 Unloading class 0x00000250cd701800 'java/lang/invoke/LambdaForm$MH+0x00000250cd701800'
Event: 573.090 Thread 0x00000250cb6e42d0 Unloading class 0x00000250cd701000 'java/lang/invoke/LambdaForm$MH+0x00000250cd701000'
Event: 573.090 Thread 0x00000250cb6e42d0 Unloading class 0x00000250cd700800 'java/lang/invoke/LambdaForm$MH+0x00000250cd700800'
Event: 573.090 Thread 0x00000250cb6e42d0 Unloading class 0x00000250cd700400 'java/lang/invoke/LambdaForm$MH+0x00000250cd700400'

Classes redefined (0 events):
No events

Internal exceptions (20 events):
Event: 823.369 Thread 0x0000025114473ff0 Implicit null exception at 0x00000250bfff6cca to 0x00000250bfff6f24
Event: 823.441 Thread 0x0000025114db70b0 Implicit null exception at 0x00000250c07955cc to 0x00000250c0797fc5
Event: 823.672 Thread 0x0000025116d9d600 Exception <a 'sun/nio/fs/WindowsException'{0x00000000d5703340}> (0x00000000d5703340) 
thrown [s\src\hotspot\share\prims\jni.cpp, line 520]
Event: 823.672 Thread 0x0000025116d9d600 Exception <a 'sun/nio/fs/WindowsException'{0x00000000d5703990}> (0x00000000d5703990) 
thrown [s\src\hotspot\share\prims\jni.cpp, line 520]
Event: 823.675 Thread 0x0000025116d9d600 Exception <a 'sun/nio/fs/WindowsException'{0x00000000d57208c0}> (0x00000000d57208c0) 
thrown [s\src\hotspot\share\prims\jni.cpp, line 520]
Event: 823.675 Thread 0x0000025116d9d600 Exception <a 'sun/nio/fs/WindowsException'{0x00000000d5721440}> (0x00000000d5721440) 
thrown [s\src\hotspot\share\prims\jni.cpp, line 520]
Event: 823.705 Thread 0x0000025116d9d600 Exception <a 'java/lang/NoSuchMethodError'{0x00000000d5765918}: 'java.lang.Object java.lang.invoke.DirectMethodHandle$Holder.newInvokeSpecial(java.lang.Object, java.lang.Object, int, int, java.lang.Object)'> (0x00000000d5765918) 
thrown [s\src\hotspot\share\interpreter\linkResolver.cpp, line 773]
Event: 823.761 Thread 0x0000025116d9d600 Exception <a 'sun/nio/fs/WindowsException'{0x00000000d56460c8}> (0x00000000d56460c8) 
thrown [s\src\hotspot\share\prims\jni.cpp, line 520]
Event: 823.761 Thread 0x0000025116d9d600 Exception <a 'sun/nio/fs/WindowsException'{0x00000000d5646918}> (0x00000000d5646918) 
thrown [s\src\hotspot\share\prims\jni.cpp, line 520]
Event: 823.761 Thread 0x0000025116d9d600 Exception <a 'sun/nio/fs/WindowsException'{0x00000000d5647eb8}> (0x00000000d5647eb8) 
thrown [s\src\hotspot\share\prims\jni.cpp, line 520]
Event: 823.761 Thread 0x0000025116d9d600 Exception <a 'sun/nio/fs/WindowsException'{0x00000000d5648508}> (0x00000000d5648508) 
thrown [s\src\hotspot\share\prims\jni.cpp, line 520]
Event: 823.762 Thread 0x0000025116d9d600 Exception <a 'sun/nio/fs/WindowsException'{0x00000000d5649670}> (0x00000000d5649670) 
thrown [s\src\hotspot\share\prims\jni.cpp, line 520]
Event: 823.762 Thread 0x0000025116d9d600 Exception <a 'sun/nio/fs/WindowsException'{0x00000000d5649f08}> (0x00000000d5649f08) 
thrown [s\src\hotspot\share\prims\jni.cpp, line 520]
Event: 823.762 Thread 0x0000025116d9d600 Exception <a 'sun/nio/fs/WindowsException'{0x00000000d564b118}> (0x00000000d564b118) 
thrown [s\src\hotspot\share\prims\jni.cpp, line 520]
Event: 823.762 Thread 0x0000025116d9d600 Exception <a 'sun/nio/fs/WindowsException'{0x00000000d564b768}> (0x00000000d564b768) 
thrown [s\src\hotspot\share\prims\jni.cpp, line 520]
Event: 823.762 Thread 0x0000025116d9d600 Exception <a 'sun/nio/fs/WindowsException'{0x00000000d564d198}> (0x00000000d564d198) 
thrown [s\src\hotspot\share\prims\jni.cpp, line 520]
Event: 823.762 Thread 0x0000025116d9d600 Exception <a 'sun/nio/fs/WindowsException'{0x00000000d564da60}> (0x00000000d564da60) 
thrown [s\src\hotspot\share\prims\jni.cpp, line 520]
Event: 1122.507 Thread 0x0000025116d9d600 Exception <a 'sun/nio/fs/WindowsException'{0x00000000d5617180}> (0x00000000d5617180) 
thrown [s\src\hotspot\share\prims\jni.cpp, line 520]
Event: 1122.507 Thread 0x0000025116d9d600 Exception <a 'sun/nio/fs/WindowsException'{0x00000000d5617a80}> (0x00000000d5617a80) 
thrown [s\src\hotspot\share\prims\jni.cpp, line 520]
Event: 1131.358 Thread 0x0000025114db8460 Exception <a 'java/lang/IncompatibleClassChangeError'{0x00000000d5688cb8}: Found class java.lang.Object, but interface was expected> (0x00000000d5688cb8) 
thrown [s\src\hotspot\share\interpreter\linkResolver.cpp, line 840]

ZGC Phase Switch (0 events):
No events

VM Operations (20 events):
Event: 1131.849 Executing safepoint VM operation: ParallelGCFailedAllocation (Allocation Failure)
Event: 1131.850 Executing safepoint VM operation: ParallelGCFailedAllocation (Allocation Failure) done
Event: 1131.954 Executing safepoint VM operation: ParallelGCFailedAllocation (Allocation Failure)
Event: 1131.955 Executing safepoint VM operation: ParallelGCFailedAllocation (Allocation Failure) done
Event: 1131.960 Executing safepoint VM operation: ParallelGCFailedAllocation (Allocation Failure)
Event: 1131.960 Executing safepoint VM operation: ParallelGCFailedAllocation (Allocation Failure) done
Event: 1131.964 Executing safepoint VM operation: ParallelGCFailedAllocation (Allocation Failure)
Event: 1131.965 Executing safepoint VM operation: ParallelGCFailedAllocation (Allocation Failure) done
Event: 1131.969 Executing safepoint VM operation: ParallelGCFailedAllocation (Allocation Failure)
Event: 1131.970 Executing safepoint VM operation: ParallelGCFailedAllocation (Allocation Failure) done
Event: 1131.973 Executing safepoint VM operation: ParallelGCFailedAllocation (Allocation Failure)
Event: 1131.974 Executing safepoint VM operation: ParallelGCFailedAllocation (Allocation Failure) done
Event: 1131.978 Executing safepoint VM operation: ParallelGCFailedAllocation (Allocation Failure)
Event: 1131.979 Executing safepoint VM operation: ParallelGCFailedAllocation (Allocation Failure) done
Event: 1132.025 Executing safepoint VM operation: ParallelGCFailedAllocation (Allocation Failure)
Event: 1132.026 Executing safepoint VM operation: ParallelGCFailedAllocation (Allocation Failure) done
Event: 1132.030 Executing safepoint VM operation: ParallelGCFailedAllocation (Allocation Failure)
Event: 1132.031 Executing safepoint VM operation: ParallelGCFailedAllocation (Allocation Failure) done
Event: 1132.036 Executing safepoint VM operation: ParallelGCFailedAllocation (Allocation Failure)
Event: 1132.037 Executing safepoint VM operation: ParallelGCFailedAllocation (Allocation Failure) done

Memory protections (0 events):
No events

Nmethod flushes (20 events):
Event: 573.122 Thread 0x00000250cb6e42d0 flushing  nmethod 0x00000250b8bde710
Event: 573.122 Thread 0x00000250cb6e42d0 flushing  nmethod 0x00000250b8bdfb10
Event: 573.122 Thread 0x00000250cb6e42d0 flushing  nmethod 0x00000250b8be0d90
Event: 573.122 Thread 0x00000250cb6e42d0 flushing  nmethod 0x00000250b8be8990
Event: 573.122 Thread 0x00000250cb6e42d0 flushing  nmethod 0x00000250b8bea090
Event: 573.122 Thread 0x00000250cb6e42d0 flushing  nmethod 0x00000250b8bfb810
Event: 573.122 Thread 0x00000250cb6e42d0 flushing  nmethod 0x00000250b8bffd90
Event: 573.122 Thread 0x00000250cb6e42d0 flushing  nmethod 0x00000250b8c05010
Event: 573.122 Thread 0x00000250cb6e42d0 flushing  nmethod 0x00000250b8c0bf90
Event: 573.122 Thread 0x00000250cb6e42d0 flushing  nmethod 0x00000250b8c40590
Event: 573.122 Thread 0x00000250cb6e42d0 flushing  nmethod 0x00000250b8c44610
Event: 573.122 Thread 0x00000250cb6e42d0 flushing  nmethod 0x00000250b8c44f90
Event: 573.122 Thread 0x00000250cb6e42d0 flushing  nmethod 0x00000250b8cca790
Event: 573.122 Thread 0x00000250cb6e42d0 flushing  nmethod 0x00000250b8d77410
Event: 573.122 Thread 0x00000250cb6e42d0 flushing  nmethod 0x00000250b8d7c090
Event: 573.122 Thread 0x00000250cb6e42d0 flushing  nmethod 0x00000250b8d7d790
Event: 573.122 Thread 0x00000250cb6e42d0 flushing  nmethod 0x00000250b8da3210
Event: 573.122 Thread 0x00000250cb6e42d0 flushing  nmethod 0x00000250b8db6e10
Event: 573.122 Thread 0x00000250cb6e42d0 flushing  nmethod 0x00000250b8e84990
Event: 573.122 Thread 0x00000250cb6e42d0 flushing  nmethod 0x00000250b8ebf590

Events (20 events):
Event: 1123.694 Thread 0x00000251198e4e70 Thread exited: 0x00000251198e4e70
Event: 1123.694 Thread 0x0000025117855350 Thread exited: 0x0000025117855350
Event: 1123.694 Thread 0x00000251198e2da0 Thread exited: 0x00000251198e2da0
Event: 1123.709 Thread 0x00000251198e3ac0 Thread exited: 0x00000251198e3ac0
Event: 1123.725 Thread 0x00000251198e4150 Thread exited: 0x00000251198e4150
Event: 1123.741 Thread 0x000002511495b150 Thread exited: 0x000002511495b150
Event: 1123.741 Thread 0x0000025114959710 Thread exited: 0x0000025114959710
Event: 1123.757 Thread 0x0000025114957cd0 Thread exited: 0x0000025114957cd0
Event: 1123.757 Thread 0x00000251149589f0 Thread exited: 0x00000251149589f0
Event: 1123.757 Thread 0x0000025114957640 Thread exited: 0x0000025114957640
Event: 1123.757 Thread 0x0000025114956fb0 Thread exited: 0x0000025114956fb0
Event: 1123.757 Thread 0x0000025114956920 Thread exited: 0x0000025114956920
Event: 1123.757 Thread 0x0000025114958360 Thread exited: 0x0000025114958360
Event: 1123.757 Thread 0x0000025114959da0 Thread exited: 0x0000025114959da0
Event: 1123.773 Thread 0x000002511495d8b0 Thread exited: 0x000002511495d8b0
Event: 1130.917 Thread 0x000002510dd2bf90 Thread added: 0x00000251246ea980
Event: 1131.055 Thread 0x00000251246ea980 Thread added: 0x0000025116cd34b0
Event: 1131.055 Thread 0x00000251246ea980 Thread added: 0x0000025116cd3b80
Event: 1131.055 Thread 0x00000251246ea980 Thread added: 0x00000251197e3160
Event: 1131.558 Thread 0x00000251246ea980 Thread exited: 0x00000251246ea980


Dynamic libraries:
0x00007ff71b590000 - 0x00007ff71b59e000 	c:\Users\Anne\.vscode\extensions\redhat.java-1.54.0-win32-x64\jre\21.0.10-win32-x86_64\bin\java.exe
0x00007ffaa54f0000 - 0x00007ffaa56e8000 	C:\Windows\SYSTEM32\ntdll.dll
0x00007ffaa3900000 - 0x00007ffaa39c2000 	C:\Windows\System32\KERNEL32.DLL
0x00007ffaa2ee0000 - 0x00007ffaa31d6000 	C:\Windows\System32\KERNELBASE.dll
0x00007ffaa3330000 - 0x00007ffaa3430000 	C:\Windows\System32\ucrtbase.dll
0x00007ffa862d0000 - 0x00007ffa862e8000 	c:\Users\Anne\.vscode\extensions\redhat.java-1.54.0-win32-x64\jre\21.0.10-win32-x86_64\bin\jli.dll
0x00007ffa845b0000 - 0x00007ffa845ce000 	c:\Users\Anne\.vscode\extensions\redhat.java-1.54.0-win32-x64\jre\21.0.10-win32-x86_64\bin\VCRUNTIME140.dll
0x00007ffaa4880000 - 0x00007ffaa4a21000 	C:\Windows\System32\USER32.dll
0x00007ffaa31e0000 - 0x00007ffaa3202000 	C:\Windows\System32\win32u.dll
0x00007ffa8a490000 - 0x00007ffa8a72b000 	C:\Windows\WinSxS\amd64_microsoft.windows.common-controls_6595b64144ccf1df_6.0.19041.6456_none_60b8a6cb71f64256\COMCTL32.dll
0x00007ffaa4310000 - 0x00007ffaa433b000 	C:\Windows\System32\GDI32.dll
0x00007ffaa5410000 - 0x00007ffaa54ae000 	C:\Windows\System32\msvcrt.dll
0x00007ffaa3210000 - 0x00007ffaa3329000 	C:\Windows\System32\gdi32full.dll
0x00007ffaa2c50000 - 0x00007ffaa2ced000 	C:\Windows\System32\msvcp_win.dll
0x00007ffaa4b70000 - 0x00007ffaa4b9f000 	C:\Windows\System32\IMM32.DLL
0x00007ffa99bc0000 - 0x00007ffa99bcc000 	c:\Users\Anne\.vscode\extensions\redhat.java-1.54.0-win32-x64\jre\21.0.10-win32-x86_64\bin\vcruntime140_1.dll
0x00007ffa767e0000 - 0x00007ffa7686d000 	c:\Users\Anne\.vscode\extensions\redhat.java-1.54.0-win32-x64\jre\21.0.10-win32-x86_64\bin\msvcp140.dll
0x00007ffa69d00000 - 0x00007ffa6aaa1000 	c:\Users\Anne\.vscode\extensions\redhat.java-1.54.0-win32-x64\jre\21.0.10-win32-x86_64\bin\server\jvm.dll
0x00007ffaa3690000 - 0x00007ffaa3741000 	C:\Windows\System32\ADVAPI32.dll
0x00007ffaa39e0000 - 0x00007ffaa3a7f000 	C:\Windows\System32\sechost.dll
0x00007ffaa3750000 - 0x00007ffaa3870000 	C:\Windows\System32\RPCRT4.dll
0x00007ffaa34e0000 - 0x00007ffaa3507000 	C:\Windows\System32\bcrypt.dll
0x00007ffaa42a0000 - 0x00007ffaa430b000 	C:\Windows\System32\WS2_32.dll
0x00007ffaa26f0000 - 0x00007ffaa273b000 	C:\Windows\SYSTEM32\POWRPROF.dll
0x00007ffa95f60000 - 0x00007ffa95f87000 	C:\Windows\SYSTEM32\WINMM.dll
0x00007ffa9b020000 - 0x00007ffa9b02a000 	C:\Windows\SYSTEM32\VERSION.dll
0x00007ffaa26d0000 - 0x00007ffaa26e2000 	C:\Windows\SYSTEM32\UMPDC.dll
0x00007ffaa0a10000 - 0x00007ffaa0a22000 	C:\Windows\SYSTEM32\kernel.appcore.dll
0x00007ffa83df0000 - 0x00007ffa83dfa000 	c:\Users\Anne\.vscode\extensions\redhat.java-1.54.0-win32-x64\jre\21.0.10-win32-x86_64\bin\jimage.dll
0x00007ffa9b4f0000 - 0x00007ffa9b6f1000 	C:\Windows\SYSTEM32\DBGHELP.DLL
0x00007ffa8faa0000 - 0x00007ffa8fad4000 	C:\Windows\SYSTEM32\dbgcore.DLL
0x00007ffaa2e50000 - 0x00007ffaa2ed2000 	C:\Windows\System32\bcryptPrimitives.dll
0x00007ffa83de0000 - 0x00007ffa83def000 	c:\Users\Anne\.vscode\extensions\redhat.java-1.54.0-win32-x64\jre\21.0.10-win32-x86_64\bin\instrument.dll
0x00007ffa80420000 - 0x00007ffa80440000 	c:\Users\Anne\.vscode\extensions\redhat.java-1.54.0-win32-x64\jre\21.0.10-win32-x86_64\bin\java.dll
0x00007ffaa3b30000 - 0x00007ffaa42a0000 	C:\Windows\System32\SHELL32.dll
0x00007ffaa0c10000 - 0x00007ffaa13b5000 	C:\Windows\SYSTEM32\windows.storage.dll
0x00007ffaa4500000 - 0x00007ffaa4854000 	C:\Windows\System32\combase.dll
0x00007ffaa2540000 - 0x00007ffaa256b000 	C:\Windows\SYSTEM32\Wldp.dll
0x00007ffaa3510000 - 0x00007ffaa35dd000 	C:\Windows\System32\OLEAUT32.dll
0x00007ffaa3a80000 - 0x00007ffaa3b2d000 	C:\Windows\System32\SHCORE.dll
0x00007ffaa4a30000 - 0x00007ffaa4a8b000 	C:\Windows\System32\shlwapi.dll
0x00007ffaa2ab0000 - 0x00007ffaa2ad4000 	C:\Windows\SYSTEM32\profapi.dll
0x00007ffa80400000 - 0x00007ffa80418000 	c:\Users\Anne\.vscode\extensions\redhat.java-1.54.0-win32-x64\jre\21.0.10-win32-x86_64\bin\zip.dll
0x00007ffa80700000 - 0x00007ffa80710000 	C:\Users\Anne\.vscode\extensions\redhat.java-1.54.0-win32-x64\jre\21.0.10-win32-x86_64\bin\net.dll
0x00007ffa9cf00000 - 0x00007ffa9d00a000 	C:\Windows\SYSTEM32\WINHTTP.dll
0x00007ffaa2230000 - 0x00007ffaa229a000 	C:\Windows\system32\mswsock.dll
0x00007ffa803e0000 - 0x00007ffa803f6000 	C:\Users\Anne\.vscode\extensions\redhat.java-1.54.0-win32-x64\jre\21.0.10-win32-x86_64\bin\nio.dll
0x00007ffa80340000 - 0x00007ffa80350000 	c:\Users\Anne\.vscode\extensions\redhat.java-1.54.0-win32-x64\jre\21.0.10-win32-x86_64\bin\verify.dll
0x00007ffa7fd70000 - 0x00007ffa7fdb5000 	C:\Users\Anne\AppData\Roaming\Code\User\globalStorage\redhat.java\1.54.0\config_win\org.eclipse.equinox.launcher\org.eclipse.equinox.launcher.win32.win32.x86_64_1.3.0.v20260203-2149\eclipse_11919.dll
0x00007ffaa43d0000 - 0x00007ffaa44fb000 	C:\Windows\System32\ole32.dll
0x00007ffaa2420000 - 0x00007ffaa2438000 	C:\Windows\SYSTEM32\CRYPTSP.dll
0x00007ffaa1b50000 - 0x00007ffaa1b88000 	C:\Windows\system32\rsaenh.dll
0x00007ffaa2a70000 - 0x00007ffaa2a9e000 	C:\Windows\SYSTEM32\USERENV.dll
0x00007ffaa2440000 - 0x00007ffaa244c000 	C:\Windows\SYSTEM32\CRYPTBASE.dll
0x00007ffaa1f10000 - 0x00007ffaa1f4b000 	C:\Windows\SYSTEM32\IPHLPAPI.DLL
0x00007ffaa53a0000 - 0x00007ffaa53a8000 	C:\Windows\System32\NSI.dll
0x00007ffa7b6d0000 - 0x00007ffa7b719000 	C:\Users\Anne\AppData\Local\Temp\jna-2045636\jna16451425030061619835.dll
0x00007ffaa39d0000 - 0x00007ffaa39d8000 	C:\Windows\System32\PSAPI.DLL
0x00007ffa9c8f0000 - 0x00007ffa9c907000 	C:\Windows\SYSTEM32\dhcpcsvc6.DLL
0x00007ffa9c880000 - 0x00007ffa9c89d000 	C:\Windows\SYSTEM32\dhcpcsvc.DLL

JVMTI agents:
c:\Users\Anne\.vscode\extensions\redhat.java-1.54.0-win32-x64\lombok\lombok-1.18.39-4050.jar path:c:\Users\Anne\.vscode\extensions\redhat.java-1.54.0-win32-x64\jre\21.0.10-win32-x86_64\bin\instrument.dll, loaded, initialized, instrumentlib options:none

dbghelp: loaded successfully - version: 4.0.5 - missing functions: none
symbol engine: initialized successfully - sym options: 0x614 - pdb path: .;c:\Users\Anne\.vscode\extensions\redhat.java-1.54.0-win32-x64\jre\21.0.10-win32-x86_64\bin;C:\Windows\SYSTEM32;C:\Windows\WinSxS\amd64_microsoft.windows.common-controls_6595b64144ccf1df_6.0.19041.6456_none_60b8a6cb71f64256;c:\Users\Anne\.vscode\extensions\redhat.java-1.54.0-win32-x64\jre\21.0.10-win32-x86_64\bin\server;C:\Users\Anne\AppData\Roaming\Code\User\globalStorage\redhat.java\1.54.0\config_win\org.eclipse.equinox.launcher\org.eclipse.equinox.launcher.win32.win32.x86_64_1.3.0.v20260203-2149;C:\Users\Anne\AppData\Local\Temp\jna-2045636

VM Arguments:
jvm_args: --add-modules=ALL-SYSTEM --add-opens=java.base/java.util=ALL-UNNAMED --add-opens=java.base/java.lang=ALL-UNNAMED --add-opens=java.base/sun.nio.fs=ALL-UNNAMED -Declipse.application=org.eclipse.jdt.ls.core.id1 -Dosgi.bundles.defaultStartLevel=4 -Declipse.product=org.eclipse.jdt.ls.core.product -Djava.import.generatesMetadataFilesAtProjectRoot=false -DDetectVMInstallationsJob.disabled=true -Dfile.encoding=utf8 -XX:+UseParallelGC -XX:GCTimeRatio=4 -XX:AdaptiveSizePolicyWeight=90 -Dsun.zip.disableMemoryMapping=true -Xmx2G -Xms100m -Xlog:disable -javaagent:c:\Users\Anne\.vscode\extensions\redhat.java-1.54.0-win32-x64\lombok\lombok-1.18.39-4050.jar -XX:+HeapDumpOnOutOfMemoryError -XX:HeapDumpPath=c:\Users\Anne\AppData\Roaming\Code\User\workspaceStorage\da84ca0b747606f27f9c3320f7cf46a2\redhat.java -Daether.dependencyCollector.impl=bf 
java_command: c:\Users\Anne\.vscode\extensions\redhat.java-1.54.0-win32-x64\server\plugins\org.eclipse.equinox.launcher_1.7.100.v20251111-0406.jar -configuration c:\Users\Anne\AppData\Roaming\Code\User\globalStorage\redhat.java\1.54.0\config_win -data c:\Users\Anne\AppData\Roaming\Code\User\workspaceStorage\da84ca0b747606f27f9c3320f7cf46a2\redhat.java\jdt_ws --pipe=\\.\pipe\lsp-7d058f7d874eebebfe164ec1bf6ac724-sock
java_class_path (initial): c:\Users\Anne\.vscode\extensions\redhat.java-1.54.0-win32-x64\server\plugins\org.eclipse.equinox.launcher_1.7.100.v20251111-0406.jar
Launcher Type: SUN_STANDARD

[Global flags]
    uintx AdaptiveSizePolicyWeight                 = 90                                        {product} {command line}
     intx CICompilerCount                          = 12                                        {product} {ergonomic}
    uintx GCTimeRatio                              = 4                                         {product} {command line}
     bool HeapDumpOnOutOfMemoryError               = true                                   {manageable} {command line}
    ccstr HeapDumpPath                             = c:\Users\Anne\AppData\Roaming\Code\User\workspaceStorage\da84ca0b747606f27f9c3320f7cf46a2\redhat.java         {manageable} {command line}
   size_t InitialHeapSize                          = 104857600                                 {product} {command line}
   size_t MaxHeapSize                              = 2147483648                                {product} {command line}
   size_t MaxNewSize                               = 715653120                                 {product} {ergonomic}
   size_t MinHeapDeltaBytes                        = 524288                                    {product} {ergonomic}
   size_t MinHeapSize                              = 104857600                                 {product} {command line}
   size_t NewSize                                  = 34603008                                  {product} {ergonomic}
    uintx NonNMethodCodeHeapSize                   = 7602480                                {pd product} {ergonomic}
    uintx NonProfiledCodeHeapSize                  = 122027880                              {pd product} {ergonomic}
   size_t OldSize                                  = 70254592                                  {product} {ergonomic}
    uintx ProfiledCodeHeapSize                     = 122027880                              {pd product} {ergonomic}
    uintx ReservedCodeCacheSize                    = 251658240                              {pd product} {ergonomic}
     bool SegmentedCodeCache                       = true                                      {product} {ergonomic}
   size_t SoftMaxHeapSize                          = 2147483648                             {manageable} {ergonomic}
     bool UseCompressedOops                        = true                           {product lp64_product} {ergonomic}
     bool UseLargePagesIndividualAllocation        = false                                  {pd product} {ergonomic}
     bool UseParallelGC                            = true                                      {product} {command line}

Logging:
Log output configuration:
 #0: stdout all=off uptime,level,tags foldmultilines=false
 #1: stderr all=off uptime,level,tags foldmultilines=false

Release file:
JAVA_VERSION="21.0.10" 
MODULES="java.base java.compiler java.datatransfer java.xml java.prefs java.desktop java.instrument java.logging java.management java.security.sasl java.naming java.rmi java.management.rmi java.net.http java.scripting java.security.jgss java.transaction.xa java.sql java.sql.rowset java.xml.crypto java.se java.smartcardio jdk.accessibility jdk.internal.jvmstat jdk.attach jdk.charsets jdk.internal.opt jdk.zipfs jdk.compiler jdk.crypto.ec jdk.crypto.cryptoki jdk.crypto.mscapi jdk.dynalink jdk.internal.ed jdk.editpad jdk.hotspot.agent jdk.httpserver jdk.internal.le jdk.internal.vm.ci jdk.internal.vm.compiler jdk.internal.vm.compiler.management jdk.jartool jdk.javadoc jdk.jcmd jdk.management jdk.management.agent jdk.jconsole jdk.jdeps jdk.jdwp.agent jdk.jdi jdk.jfr jdk.jshell jdk.jsobject jdk.jstatd jdk.localedata jdk.management.jfr jdk.naming.dns jdk.naming.rmi jdk.net jdk.nio.mapmode jdk.random jdk.sctp jdk.security.auth jdk.security.jgss jdk.unsupported jdk.unsupported.desktop jdk.xml.dom" 

Environment Variables:
PATH=C:\Program Files\Common Files\Oracle\Java\javapath;C:\Program Files (x86)\Common Files\Oracle\Java\java8path;C:\Program Files (x86)\Common Files\Oracle\Java\javapath;C:\Windows\system32;C:\Windows;C:\Windows\System32\Wbem;C:\Windows\System32\WindowsPowerShell\v1.0\;C:\Windows\System32\OpenSSH\;C:\Program Files\nodejs\;C:\Program Files\Git\cmd;C:\Program Files\Cloudflare\Cloudflare WARP\;C:\Program Files\dotnet\;C:\Users\Anne\Desktop\apache-maven-3.9.15\bin;C:\Users\Anne\AppData\Local\Microsoft\WindowsApps;C:\Users\Anne\AppData\Roaming\npm;C:\Users\Anne\AppData\Local\Programs\Microsoft VS Code\bin
USERNAME=Anne
OS=Windows_NT
PROCESSOR_IDENTIFIER=AMD64 Family 23 Model 8 Stepping 2, AuthenticAMD
TMP=C:\Users\Anne\AppData\Local\Temp
TEMP=C:\Users\Anne\AppData\Local\Temp




Periodic native trim disabled

---------------  S Y S T E M  ---------------

OS:
 Windows 10 , 64 bit Build 19041 (10.0.19041.5915)
OS uptime: 0 days 6:55 hours

CPU: total 16 (initial active 16) (16 cores per cpu, 2 threads per core) family 23 model 8 stepping 2 microcode 0x0, cx8, cmov, fxsr, ht, mmx, 3dnowpref, sse, sse2, sse3, ssse3, sse4a, sse4.1, sse4.2, popcnt, lzcnt, tsc, tscinvbit, avx, avx2, aes, clmul, bmi1, bmi2, adx, sha, fma, vzeroupper, clflush, clflushopt, rdtscp, f16c
Processor Information for the first 16 processors :
  Max Mhz: 3700, Current Mhz: 3700, Mhz Limit: 3700

Memory: 4k page, system-wide physical 16296M (312M free)
TotalPageFile size 24488M (AvailPageFile size 4M)
current process WorkingSet (physical memory assigned to process): 1334M, peak: 1335M
current process commit charge ("private bytes"): 1386M, peak: 1389M

vm_info: OpenJDK 64-Bit Server VM (21.0.10+7-LTS) for windows-amd64 JRE (21.0.10+7-LTS), built on 2026-01-20T00:00:00Z by "admin" with MS VC++ 17.12 (VS2022)

END.
